// Jest Snapshot v1, https://goo.gl/fbAQLP

exports[`Default Button component renders correctly 1`] = `
<View
  accessibilityComponentType={undefined}
  accessibilityLabel={undefined}
  accessibilityTraits={undefined}
  accessible={true}
  collapsable={undefined}
  hitSlop={undefined}
  isTVSelectable={true}
  nativeID={undefined}
  onLayout={undefined}
  onResponderGrant={[Function]}
  onResponderMove={[Function]}
  onResponderRelease={[Function]}
  onResponderTerminate={[Function]}
  onResponderTerminationRequest={[Function]}
  onStartShouldSetResponder={[Function]}
  style={
    Object {
      "opacity": 1,
    }
  }
  testID={undefined}
  tvParallaxProperties={undefined}
>
  <View
    style={
      Array [
        Object {
          "alignItems": "center",
          "backgroundColor": "#392d2c",
          "borderRadius": 2,
          "flexDirection": "row",
          "height": 56,
          "justifyContent": "center",
          "paddingHorizontal": 15,
        },
        Object {},
      ]
    }
  >
    <Text
      accessible={true}
      allowFontScaling={true}
      ellipsizeMode="tail"
      style={
        Array [
          Object {
            "color": "#F5F5F5",
            "fontSize": 17,
            "fontWeight": "800",
          },
          Object {},
        ]
      }
    />
  </View>
</View>
`;
