// Jest Snapshot v1, https://goo.gl/fbAQLP

exports[`OfflineBar component renders correctly 1`] = `null`;
