// Jest Snapshot v1, https://goo.gl/fbAQLP

exports[`ScrollableOverlayModal component renders correctly 1`] = `null`;
